   Γû▓ Next.js 15.5.12
   - Environments: .env.local

   Creating an optimized production build ...
npx : Failed to 
compile.
At line:1 char:1
+ npx next build 2>&1 
| Out-File -FilePath C:
\Users\roxsa\.gemini\an
tig ...
+ ~~~~~~~~~~~~~~~~~~~
    + CategoryInfo     
         : NotSpecifi  
  ed: (Failed to com   
 pile.:String) [],     
RemoteException
    + FullyQualifiedEr 
   rorId : NativeComm  
  andError
 

app\layout.tsx
An error occurred in 
`next/font`.

Error: Cannot find 
native binding. npm 
has a bug related to 
optional dependencies (
https://github.com/npm/
cli/issues/4828). 
Please try `npm i` 
again after removing 
both package-lock.json 
and node_modules 
directory.
    at 
Object.<anonymous> (C:\
Users\roxsa\.gemini\ant
igravity\scratch\clinic
flow-lk\node_modules\@t
ailwindcss\oxide\index.
js:559:11)
    at Module._compile 
(node:internal/modules/
cjs/loader:1364:14)
    at 
Module._extensions..js 
(node:internal/modules/
cjs/loader:1422:10)
    at Module.load (nod
e:internal/modules/cjs/
loader:1203:32)
    at Module._load (no
de:internal/modules/cjs
/loader:1019:12)
    at Module.require (
node:internal/modules/c
js/loader:1231:19)
    at mod.require (C:\
Users\roxsa\.gemini\ant
igravity\scratch\clinic
flow-lk\node_modules\ne
xt\dist\server\require-
hook.js:68:28)
    at require (node:in
ternal/modules/helpers:
177:18)
    at 
Object.<anonymous> (C:\
Users\roxsa\.gemini\ant
igravity\scratch\clinic
flow-lk\node_modules\@t
ailwindcss\postcss\dist
\index.js:1:1406)
    at Module._compile 
(node:internal/modules/
cjs/loader:1364:14)

./app/for-clinics/page.
tsx
Error:   [31mx[0m 
Expected ',', got 't'
    ,-[[36;1;4mC:\User
s\roxsa\.gemini\antigra
vity\scratch\clinicflow
-lk\app\for-clinics\pag
e.tsx[0m:24:1]
 [2m21[0m |       
'Appointments managed 
in a notebook ΓÇö easy 
to miss or 
double-book',
 [2m22[0m |       
'Walk-ins arrive 
without warning and 
disrupt the schedule',
 [2m23[0m |       
'Patients call 
repeatedly asking when 
the doctor is 
available',
 [2m24[0m |       
'No reminders means 
patients forget and 
don't show up',
    : [35;1m          
                       
                 ^[0m
 [2m25[0m |       
'End-of-day records 
are vague or missing 
entirely',
 [2m26[0m |     ],
 [2m27[0m |     
solution:
    `----

Caused by:
    Syntax Error

Import trace for 
requested module:
./app/for-clinics/page.
tsx


> Build failed because 
of webpack errors
